{"time":"2025-11-08T08:58:00.185251022-05:00","level":"INFO","msg":"Sentry initialized","dsn":"https://962d173a894d***","environment":"PROD","release":"6.1.13","sandbox_id":"i67ujvh4vl8egki00stuc"}
{"time":"2025-11-08T08:58:00.185746622-05:00","level":"INFO","msg":"Sentry initialized successfully"}
{"time":"2025-11-08T08:58:00.185757928-05:00","level":"INFO","msg":"State sync service starting","log_file":"/home/ubuntu/.logs/state-sync/state-sync.log"}
{"time":"2025-11-08T08:58:00.185871159-05:00","level":"INFO","msg":"Starting state sync service"}
{"time":"2025-11-08T08:58:00.185890223-05:00","level":"INFO","msg":"Pulling initial state from S3"}
{"time":"2025-11-08T08:58:00.18590168-05:00","level":"INFO","msg":"Pull not allowed currently, will retry when config changes"}
{"time":"2025-11-08T08:58:00.185920647-05:00","level":"INFO","msg":"Connecting to browser","port":"9222"}
{"time":"2025-11-08T08:58:00.192327291-05:00","level":"INFO","msg":"Found chrome://newtab/ to reuse","target_id":"73C9CE1D2C215558BC36AFFBE1CB9948"}
{"time":"2025-11-08T08:58:00.192378581-05:00","level":"INFO","msg":"Reusing existing target for cookie sync","target_id":"73C9CE1D2C215558BC36AFFBE1CB9948"}
{"time":"2025-11-08T08:58:00.192387321-05:00","level":"INFO","msg":"Successfully connected to browser"}
{"time":"2025-11-08T08:58:00.19239106-05:00","level":"INFO","msg":"Syncing state to browser"}
{"time":"2025-11-08T08:58:00.192395976-05:00","level":"INFO","msg":"Syncing cookies to browser","cookie_count":0}
{"time":"2025-11-08T08:58:00.218158992-05:00","level":"INFO","msg":"Successfully synced cookies to browser"}
{"time":"2025-11-08T08:58:00.218180384-05:00","level":"INFO","msg":"Successfully synced state to browser"}
{"time":"2025-11-08T08:58:00.218184375-05:00","level":"INFO","msg":"Setting up state watchers"}
{"time":"2025-11-08T08:58:00.21818996-05:00","level":"INFO","msg":"Starting CDP watcher"}
{"time":"2025-11-08T08:58:00.230675614-05:00","level":"INFO","msg":"Created hidden monitoring target","target_id":"47186AA73EB4AE5787F049C4D9933C7D"}
{"time":"2025-11-08T08:58:00.230716283-05:00","level":"INFO","msg":"Using hidden target for monitoring (should not be visible)"}
{"time":"2025-11-08T08:58:00.230724106-05:00","level":"INFO","msg":"State watchers setup complete"}
{"time":"2025-11-08T08:58:00.230728112-05:00","level":"INFO","msg":"Waiting for browser to stabilize after cookie sync","delay":5000000000}
{"time":"2025-11-08T08:58:00.230743763-05:00","level":"INFO","msg":"Starting target monitoring"}
{"time":"2025-11-08T08:58:00.25827167-05:00","level":"INFO","msg":"Handling target","target_id":"73C9CE1D2C215558BC36AFFBE1CB9948","url":"chrome://newtab/"}
{"time":"2025-11-08T08:58:05.233269398-05:00","level":"INFO","msg":"Browser stabilization complete, cookie polling started with current state as baseline"}
{"time":"2025-11-08T08:58:05.233306156-05:00","level":"INFO","msg":"Starting cookie polling","interval":1000000000}
{"time":"2025-11-08T08:58:05.233410668-05:00","level":"INFO","msg":"Wrote sync ready marker","path":"/home/ubuntu/.config/state-sync/.sync-ready"}
{"time":"2025-11-08T08:58:05.233424268-05:00","level":"INFO","msg":"State sync service started successfully"}
{"time":"2025-11-08T08:58:05.233544911-05:00","level":"INFO","msg":"Started watching config file","path":"/home/ubuntu/.config/state-sync/state-sync-config.yaml"}
